<html>
<body>
<pre>
<h1>µVision Build Log</h1>
<h2>Tool Versions:</h2>
IDE-Version: µVision V5.16a
Copyright (C) 2015 ARM Ltd and ARM Germany GmbH. All rights reserved.
License Information: Jonathan Wesner, IPFW, LIC=----
 
Tool Versions:
Toolchain:       MDK-Lite  Version: 5.16a
Toolchain Path:  C:\Keil_v5\ARM\ARMCC\Bin
C Compiler:      Armcc.exe V5.06 (build 20)
Assembler:       Armasm.exe V5.06 (build 20)
Linker/Locator:  ArmLink.exe V5.06 (build 20)
Library Manager: ArmAr.exe V5.06 (build 20)
Hex Converter:   FromElf.exe V5.06 (build 20)
CPU DLL:         SARMCM3.DLL V5.16a
Dialog DLL:      DARMP1.DLL V1.25.0.0
Target DLL:      UL2CM3.DLL V1.155.12.0
Dialog DLL:      TARMP1.DLL V1.24.0.0
 
<h2>Project:</h2>
C:\Users\Jwesner\Documents\All_Projects_git\mcb1700_CMSIS_RTOS_stopwatch\Stopwatch\stopwatch.uvprojx
Project File Date:  12/19/2016

<h2>Output:</h2>
*** Using Compiler 'V5.06 (build 20)', folder: 'C:\Keil_v5\ARM\ARMCC\Bin'
Build target 'Simulator'
assembling startup_LPC17xx.s...
compiling Retarget.c...
compiling system_LPC17xx.c...
compiling GLCD_SPI_LPC1700.c...
compiling Serial.c...
compiling LED.c...
compiling IRQ.c...
mcb1700_joystick.h(22): warning:  #1-D: last line of file ends without a newline
  #endif
IRQ.c: 1 warning, 0 errors
compiling mcb1700_joystick.c...
mcb1700_joystick.H(22): warning:  #1-D: last line of file ends without a newline
  #endif
mcb1700_joystick.c: 1 warning, 0 errors
compiling ADC.c...
compiling RTX_Conf_CM.c...
compiling stopwatch.c...
mcb1700_joystick.h(22): warning:  #1-D: last line of file ends without a newline
  #endif
stopwatch.c(33): warning:  #177-D: variable "ticks" was declared but never referenced
  static unsigned long ticks = 0;
stopwatch.c: 2 warnings, 0 errors
linking...
Program Size: Code=11420 RO-data=6672 RW-data=152 ZI-data=4048  
".\Flash\Blinky.axf" - 0 Error(s), 4 Warning(s).

<h2>Software Packages used:</h2>

Package Vendor: ARM
                http://www.keil.com/pack/ARM.CMSIS.4.3.0.pack
                ::CMSIS:RTOS:1.0 (API)
                CMSIS (Cortex Microcontroller Software Interface Standard)
   * Component: RTOS Version: 1.0
   * Component: CORE Version: 4.1.0
   * Component: Keil RTX Version: 4.78.0

<h2>Collection of Component include folders:</h2>
  C:\Users\Jwesner\Documents\All_Projects_git\mcb1700_CMSIS_RTOS_stopwatch\Stopwatch\RTE
  C:\Keil_v5\ARM\PACK\ARM\CMSIS\4.3.0\CMSIS\Include
  C:\Keil_v5\ARM\PACK\ARM\CMSIS\4.3.0\CMSIS\RTOS\RTX\INC
  C:\Keil_v5\ARM\PACK\Keil\LPC1700_DFP\2.1.0\Device\Include

<h2>Collection of Component Files used:</h2>

   * Component: ::CMSIS:RTOS:1.0 (API)

   * Component: ARM::CMSIS:CORE:4.1.0

   * Component: ARM::CMSIS:RTOS:Keil RTX:4.78.0
      Source file:   CMSIS\RTOS\RTX\Templates\RTX_Conf_CM.c
      Source file:   CMSIS\RTOS\RTX\UserCodeTemplates\main.c
      Source file:   CMSIS\RTOS\RTX\UserCodeTemplates\MailQueue.c
      Source file:   CMSIS\RTOS\RTX\UserCodeTemplates\Mutex.c
      Include file:  CMSIS\RTOS\RTX\UserCodeTemplates\osObjects.h
      Source file:   CMSIS\RTOS\RTX\SRC\ARM\SVC_Table.s
      Source file:   CMSIS\RTOS\RTX\UserCodeTemplates\Timer.c
      Source file:   CMSIS\RTOS\RTX\UserCodeTemplates\MsgQueue.c
      Source file:   CMSIS\RTOS\RTX\UserCodeTemplates\Thread.c
      Include file:  CMSIS\RTOS\RTX\INC\cmsis_os.h
      Source file:   CMSIS\RTOS\RTX\UserCodeTemplates\Semaphore.c
      Source file:   CMSIS\RTOS\RTX\UserCodeTemplates\MemPool.c
      Library file:  CMSIS\RTOS\RTX\LIB\ARM\RTX_CM3.lib
Build Time Elapsed:  00:00:03
</pre>
</body>
</html>
